vite v5.4.21 building for production...
transforming...
✓ 7732 modules transformed.
rendering chunks...

<--- Last few GCs --->

[32054:0x8b540c000]    26417 ms: Scavenge (interleaved) 4042.6 (4132.4) -> 4040.2 (4135.6) MB, pooled: 0 MB, 10.83 / 0.00 ms  (average mu = 0.389, current mu = 0.356) allocation failure; 
[32054:0x8b540c000]    26441 ms: Scavenge (interleaved) 4045.8 (4135.6) -> 4042.9 (4153.9) MB, pooled: 0 MB, 11.83 / 0.00 ms  (average mu = 0.389, current mu = 0.356) allocation failure; 


<--- JS stacktrace --->

FATAL ERROR: Reached heap limit Allocation failed - JavaScript heap out of memory
----- Native stack trace -----

 1: 0x100b2a434 node::OOMErrorHandler(char const*, v8::OOMDetails const&) [/Users/jarmotuisk/.nvm/versions/node/v22.22.1/bin/node]
 2: 0x100d05340 v8::internal::V8::FatalProcessOutOfMemory(v8::internal::Isolate*, char const*, v8::OOMDetails const&) [/Users/jarmotuisk/.nvm/versions/node/v22.22.1/bin/node]
 3: 0x100f14ad8 v8::internal::Heap::stack() [/Users/jarmotuisk/.nvm/versions/node/v22.22.1/bin/node]
 4: 0x100f12e78 v8::internal::Heap::CollectGarbage(v8::internal::AllocationSpace, v8::internal::GarbageCollectionReason, v8::GCCallbackFlags) [/Users/jarmotuisk/.nvm/versions/node/v22.22.1/bin/node]
 5: 0x100f0746c v8::internal::HeapAllocator::AllocateRawWithLightRetrySlowPath(int, v8::internal::AllocationType, v8::internal::AllocationOrigin, v8::internal::AllocationAlignment) [/Users/jarmotuisk/.nvm/versions/node/v22.22.1/bin/node]
 6: 0x100f07ca4 v8::internal::HeapAllocator::AllocateRawWithRetryOrFailSlowPath(int, v8::internal::AllocationType, v8::internal::AllocationOrigin, v8::internal::AllocationAlignment) [/Users/jarmotuisk/.nvm/versions/node/v22.22.1/bin/node]
 7: 0x100eeafc4 v8::internal::Factory::NewFillerObject(int, v8::internal::AllocationAlignment, v8::internal::AllocationType, v8::internal::AllocationOrigin) [/Users/jarmotuisk/.nvm/versions/node/v22.22.1/bin/node]
 8: 0x1013069a4 v8::internal::Runtime_AllocateInYoungGeneration(int, unsigned long*, v8::internal::Isolate*) [/Users/jarmotuisk/.nvm/versions/node/v22.22.1/bin/node]
 9: 0x1017c9af4 Builtins_CEntry_Return1_ArgvOnStack_NoBuiltinExit [/Users/jarmotuisk/.nvm/versions/node/v22.22.1/bin/node]
10: 0x101816418 Builtins_CreateShallowObjectLiteral [/Users/jarmotuisk/.nvm/versions/node/v22.22.1/bin/node]
11: 0x10cb4e4f8 
12: 0x10cb4e2b8 
13: 0x10cb4e2b8 
14: 0x10cb4e2b8 
15: 0x10cb4d030 
16: 0x101734ef0 Builtins_InterpreterEntryTrampoline [/Users/jarmotuisk/.nvm/versions/node/v22.22.1/bin/node]
17: 0x101734ef0 Builtins_InterpreterEntryTrampoline [/Users/jarmotuisk/.nvm/versions/node/v22.22.1/bin/node]
18: 0x101771290 Builtins_AsyncFunctionAwaitResolveClosure [/Users/jarmotuisk/.nvm/versions/node/v22.22.1/bin/node]
19: 0x10183c4d8 Builtins_PromiseFulfillReactionJob [/Users/jarmotuisk/.nvm/versions/node/v22.22.1/bin/node]
20: 0x101761594 Builtins_RunMicrotasks [/Users/jarmotuisk/.nvm/versions/node/v22.22.1/bin/node]
21: 0x101732af4 Builtins_JSRunMicrotasksEntry [/Users/jarmotuisk/.nvm/versions/node/v22.22.1/bin/node]
22: 0x100e6c99c v8::internal::(anonymous namespace)::Invoke(v8::internal::Isolate*, v8::internal::(anonymous namespace)::InvokeParams const&) [/Users/jarmotuisk/.nvm/versions/node/v22.22.1/bin/node]
23: 0x100e6d244 v8::internal::(anonymous namespace)::InvokeWithTryCatch(v8::internal::Isolate*, v8::internal::(anonymous namespace)::InvokeParams const&) [/Users/jarmotuisk/.nvm/versions/node/v22.22.1/bin/node]
24: 0x100e6d37c v8::internal::Execution::TryRunMicrotasks(v8::internal::Isolate*, v8::internal::MicrotaskQueue*) [/Users/jarmotuisk/.nvm/versions/node/v22.22.1/bin/node]
25: 0x100e9a5a4 v8::internal::MicrotaskQueue::RunMicrotasks(v8::internal::Isolate*) [/Users/jarmotuisk/.nvm/versions/node/v22.22.1/bin/node]
26: 0x100e9ad28 v8::internal::MicrotaskQueue::PerformCheckpoint(v8::Isolate*) [/Users/jarmotuisk/.nvm/versions/node/v22.22.1/bin/node]
27: 0x100a299c4 node::InternalCallbackScope::Close() [/Users/jarmotuisk/.nvm/versions/node/v22.22.1/bin/node]
28: 0x100a29cbc node::InternalMakeCallback(node::Environment*, v8::Local<v8::Object>, v8::Local<v8::Object>, v8::Local<v8::Function>, int, v8::Local<v8::Value>*, node::async_context, v8::Local<v8::Value>) [/Users/jarmotuisk/.nvm/versions/node/v22.22.1/bin/node]
29: 0x100a3c8f0 node::AsyncWrap::MakeCallback(v8::Local<v8::Function>, int, v8::Local<v8::Value>*) [/Users/jarmotuisk/.nvm/versions/node/v22.22.1/bin/node]
30: 0x100b2ffb0 node::fs::FSReqCallback::Resolve(v8::Local<v8::Value>) [/Users/jarmotuisk/.nvm/versions/node/v22.22.1/bin/node]
31: 0x100b3069c node::fs::AfterNoArgs(uv_fs_s*) [/Users/jarmotuisk/.nvm/versions/node/v22.22.1/bin/node]
32: 0x100b2215c node::MakeLibuvRequestCallback<uv_fs_s, void (*)(uv_fs_s*)>::Wrapper(uv_fs_s*) [/Users/jarmotuisk/.nvm/versions/node/v22.22.1/bin/node]
33: 0x10170c5b0 uv__work_done [/Users/jarmotuisk/.nvm/versions/node/v22.22.1/bin/node]
34: 0x1017102e0 uv__async_io [/Users/jarmotuisk/.nvm/versions/node/v22.22.1/bin/node]
35: 0x101724678 uv__io_poll [/Users/jarmotuisk/.nvm/versions/node/v22.22.1/bin/node]
36: 0x101710848 uv_run [/Users/jarmotuisk/.nvm/versions/node/v22.22.1/bin/node]
37: 0x100a2a4e0 node::SpinEventLoopInternal(node::Environment*) [/Users/jarmotuisk/.nvm/versions/node/v22.22.1/bin/node]
38: 0x100b7458c node::NodeMainInstance::Run() [/Users/jarmotuisk/.nvm/versions/node/v22.22.1/bin/node]
39: 0x100ae55f4 node::Start(int, char**) [/Users/jarmotuisk/.nvm/versions/node/v22.22.1/bin/node]
40: 0x182c3fe00 start [/usr/lib/dyld]
